ARM GAS  C:\Users\nekita\AppData\Local\Temp\cc8dV59w.s 			page 1


   1              		.cpu cortex-m4
   2              		.arch armv7e-m
   3              		.fpu fpv4-sp-d16
   4              		.eabi_attribute 27, 1
   5              		.eabi_attribute 28, 1
   6              		.eabi_attribute 20, 1
   7              		.eabi_attribute 21, 1
   8              		.eabi_attribute 23, 3
   9              		.eabi_attribute 24, 1
  10              		.eabi_attribute 25, 1
  11              		.eabi_attribute 26, 1
  12              		.eabi_attribute 30, 1
  13              		.eabi_attribute 34, 1
  14              		.eabi_attribute 18, 4
  15              		.file	"main.c"
  16              		.text
  17              	.Ltext0:
  18              		.cfi_sections	.debug_frame
  19              		.section	.text.wait,"ax",%progbits
  20              		.align	1
  21              		.global	wait
  22              		.syntax unified
  23              		.thumb
  24              		.thumb_func
  26              	wait:
  27              	.LVL0:
  28              	.LFB137:
  29              		.file 1 "src/main.c"
   1:src/main.c    **** #include "stm32f407xx.h"
   2:src/main.c    **** #include <stdio.h>
   3:src/main.c    **** 
   4:src/main.c    **** #define OW_HIGH() (GPIOA->ODR |= GPIO_ODR_OD1_Msk)
   5:src/main.c    **** #define OW_LOW() (GPIOA->ODR &= ~GPIO_ODR_OD1_Msk)
   6:src/main.c    **** #define OW_CHECK() (!!(GPIOA->IDR & GPIO_IDR_ID1_Msk))
   7:src/main.c    **** 
   8:src/main.c    **** void wait(uint32_t us)
   9:src/main.c    **** {
  30              		.loc 1 9 1 view -0
  31              		.cfi_startproc
  32              		@ args = 0, pretend = 0, frame = 0
  33              		@ frame_needed = 0, uses_anonymous_args = 0
  34              		@ link register save eliminated.
  10:src/main.c    ****     SysTick->VAL = 0;
  35              		.loc 1 10 5 view .LVU1
  36              		.loc 1 10 18 is_stmt 0 view .LVU2
  37 0000 4FF0E023 		mov	r3, #-536813568
  38 0004 0022     		movs	r2, #0
  39 0006 9A61     		str	r2, [r3, #24]
  11:src/main.c    ****     while (us)
  40              		.loc 1 11 5 is_stmt 1 view .LVU3
  41              	.L3:
  42              		.loc 1 11 11 view .LVU4
  43 0008 38B1     		cbz	r0, .L5
  12:src/main.c    ****     {
  13:src/main.c    ****         if (SysTick->CTRL & SysTick_CTRL_COUNTFLAG_Msk)
  44              		.loc 1 13 9 view .LVU5
  45              		.loc 1 13 20 is_stmt 0 view .LVU6
ARM GAS  C:\Users\nekita\AppData\Local\Temp\cc8dV59w.s 			page 2


  46 000a 4FF0E023 		mov	r3, #-536813568
  47 000e 1B69     		ldr	r3, [r3, #16]
  48              		.loc 1 13 12 view .LVU7
  49 0010 13F4803F 		tst	r3, #65536
  50 0014 F8D0     		beq	.L3
  14:src/main.c    ****         {
  15:src/main.c    ****             us--;
  51              		.loc 1 15 13 is_stmt 1 view .LVU8
  52              		.loc 1 15 15 is_stmt 0 view .LVU9
  53 0016 0138     		subs	r0, r0, #1
  54              	.LVL1:
  55              		.loc 1 15 15 view .LVU10
  56 0018 F6E7     		b	.L3
  57              	.L5:
  16:src/main.c    ****         }
  17:src/main.c    ****     }
  18:src/main.c    **** }
  58              		.loc 1 18 1 view .LVU11
  59 001a 7047     		bx	lr
  60              		.cfi_endproc
  61              	.LFE137:
  63              		.section	.text.transmit,"ax",%progbits
  64              		.align	1
  65              		.global	transmit
  66              		.syntax unified
  67              		.thumb
  68              		.thumb_func
  70              	transmit:
  71              	.LVL2:
  72              	.LFB138:
  19:src/main.c    **** 
  20:src/main.c    **** void transmit(uint8_t *data, uint32_t size)
  21:src/main.c    **** {
  73              		.loc 1 21 1 is_stmt 1 view -0
  74              		.cfi_startproc
  75              		@ args = 0, pretend = 0, frame = 0
  76              		@ frame_needed = 0, uses_anonymous_args = 0
  77              		.loc 1 21 1 is_stmt 0 view .LVU13
  78 0000 00B5     		push	{lr}
  79              	.LCFI0:
  80              		.cfi_def_cfa_offset 4
  81              		.cfi_offset 14, -4
  82 0002 8E46     		mov	lr, r1
  22:src/main.c    ****     USART1->CR1 |= USART_CR1_TE;
  83              		.loc 1 22 5 is_stmt 1 view .LVU14
  84              		.loc 1 22 17 is_stmt 0 view .LVU15
  85 0004 0A4A     		ldr	r2, .L10
  86 0006 D368     		ldr	r3, [r2, #12]
  87 0008 43F00803 		orr	r3, r3, #8
  88 000c D360     		str	r3, [r2, #12]
  23:src/main.c    **** 
  24:src/main.c    ****     for (int i = 0; i < size; i++)
  89              		.loc 1 24 5 is_stmt 1 view .LVU16
  90              	.LBB2:
  91              		.loc 1 24 10 view .LVU17
  92              	.LVL3:
  93              		.loc 1 24 14 is_stmt 0 view .LVU18
ARM GAS  C:\Users\nekita\AppData\Local\Temp\cc8dV59w.s 			page 3


  94 000e 0022     		movs	r2, #0
  95              		.loc 1 24 5 view .LVU19
  96 0010 09E0     		b	.L7
  97              	.LVL4:
  98              	.L8:
  25:src/main.c    ****     {
  26:src/main.c    ****         while (!(USART1->SR & USART_SR_TXE))
  27:src/main.c    ****         {
  28:src/main.c    ****         }
  99              		.loc 1 28 9 is_stmt 1 discriminator 1 view .LVU20
  26:src/main.c    ****         {
 100              		.loc 1 26 15 discriminator 1 view .LVU21
  26:src/main.c    ****         {
 101              		.loc 1 26 24 is_stmt 0 discriminator 1 view .LVU22
 102 0012 074B     		ldr	r3, .L10
 103 0014 1B68     		ldr	r3, [r3]
  26:src/main.c    ****         {
 104              		.loc 1 26 15 discriminator 1 view .LVU23
 105 0016 13F0800F 		tst	r3, #128
 106 001a FAD0     		beq	.L8
  29:src/main.c    ****         USART1->DR = data[i];
 107              		.loc 1 29 9 is_stmt 1 discriminator 2 view .LVU24
 108              		.loc 1 29 26 is_stmt 0 discriminator 2 view .LVU25
 109 001c 10F80C10 		ldrb	r1, [r0, ip]	@ zero_extendqisi2
 110              		.loc 1 29 20 discriminator 2 view .LVU26
 111 0020 034B     		ldr	r3, .L10
 112 0022 5960     		str	r1, [r3, #4]
  24:src/main.c    ****     {
 113              		.loc 1 24 31 is_stmt 1 discriminator 2 view .LVU27
  24:src/main.c    ****     {
 114              		.loc 1 24 32 is_stmt 0 discriminator 2 view .LVU28
 115 0024 0132     		adds	r2, r2, #1
 116              	.LVL5:
 117              	.L7:
  24:src/main.c    ****     {
 118              		.loc 1 24 21 is_stmt 1 discriminator 1 view .LVU29
  24:src/main.c    ****     {
 119              		.loc 1 24 23 is_stmt 0 discriminator 1 view .LVU30
 120 0026 9446     		mov	ip, r2
  24:src/main.c    ****     {
 121              		.loc 1 24 5 discriminator 1 view .LVU31
 122 0028 7245     		cmp	r2, lr
 123 002a F2D3     		bcc	.L8
 124              	.LBE2:
  30:src/main.c    ****     }
  31:src/main.c    **** }
 125              		.loc 1 31 1 view .LVU32
 126 002c 5DF804FB 		ldr	pc, [sp], #4
 127              	.L11:
 128              		.align	2
 129              	.L10:
 130 0030 00100140 		.word	1073811456
 131              		.cfi_endproc
 132              	.LFE138:
 134              		.section	.text.config,"ax",%progbits
 135              		.align	1
 136              		.global	config
ARM GAS  C:\Users\nekita\AppData\Local\Temp\cc8dV59w.s 			page 4


 137              		.syntax unified
 138              		.thumb
 139              		.thumb_func
 141              	config:
 142              	.LFB139:
  32:src/main.c    **** 
  33:src/main.c    **** void config()
  34:src/main.c    **** {
 143              		.loc 1 34 1 is_stmt 1 view -0
 144              		.cfi_startproc
 145              		@ args = 0, pretend = 0, frame = 0
 146              		@ frame_needed = 0, uses_anonymous_args = 0
 147              		@ link register save eliminated.
  35:src/main.c    ****     // clock for GPIOA (AHB1)
  36:src/main.c    ****     RCC->AHB1ENR |= RCC_AHB1ENR_GPIOAEN;
 148              		.loc 1 36 5 view .LVU34
 149              		.loc 1 36 18 is_stmt 0 view .LVU35
 150 0000 164A     		ldr	r2, .L13
 151 0002 136B     		ldr	r3, [r2, #48]
 152 0004 43F00103 		orr	r3, r3, #1
 153 0008 1363     		str	r3, [r2, #48]
  37:src/main.c    **** 
  38:src/main.c    ****     // GPIO for LED2 (A6)
  39:src/main.c    ****     GPIOA->MODER |= GPIO_MODER_MODER6_0;
 154              		.loc 1 39 5 is_stmt 1 view .LVU36
 155              		.loc 1 39 18 is_stmt 0 view .LVU37
 156 000a 154B     		ldr	r3, .L13+4
 157 000c 1968     		ldr	r1, [r3]
 158 000e 41F48051 		orr	r1, r1, #4096
 159 0012 1960     		str	r1, [r3]
  40:src/main.c    **** 
  41:src/main.c    ****     // clock for USART1 (APB2)
  42:src/main.c    ****     RCC->APB2ENR |= RCC_APB2ENR_USART1EN_Msk;
 160              		.loc 1 42 5 is_stmt 1 view .LVU38
 161              		.loc 1 42 18 is_stmt 0 view .LVU39
 162 0014 516C     		ldr	r1, [r2, #68]
 163 0016 41F01001 		orr	r1, r1, #16
 164 001a 5164     		str	r1, [r2, #68]
  43:src/main.c    **** 
  44:src/main.c    ****     // AF for USART1 (TX PA9; RX PA10)
  45:src/main.c    ****     GPIOA->MODER |= GPIO_MODER_MODE9_1;
 165              		.loc 1 45 5 is_stmt 1 view .LVU40
 166              		.loc 1 45 18 is_stmt 0 view .LVU41
 167 001c 1A68     		ldr	r2, [r3]
 168 001e 42F40022 		orr	r2, r2, #524288
 169 0022 1A60     		str	r2, [r3]
  46:src/main.c    ****     GPIOA->AFR[1] |= GPIO_AFRH_AFSEL9_0 |
 170              		.loc 1 46 5 is_stmt 1 view .LVU42
 171              		.loc 1 46 19 is_stmt 0 view .LVU43
 172 0024 5A6A     		ldr	r2, [r3, #36]
 173 0026 42F07002 		orr	r2, r2, #112
 174 002a 5A62     		str	r2, [r3, #36]
  47:src/main.c    ****                      GPIO_AFRH_AFSEL9_1 |
  48:src/main.c    ****                      GPIO_AFRH_AFSEL9_2;
  49:src/main.c    ****     // GPIOA->MODER |= GPIO_MODER_MODE10_1;
  50:src/main.c    ****     // GPIOA->AFR[1] |= GPIO_AFRH_AFSEL10_0 |
  51:src/main.c    ****     //                  GPIO_AFRH_AFSEL10_1 |
ARM GAS  C:\Users\nekita\AppData\Local\Temp\cc8dV59w.s 			page 5


  52:src/main.c    ****     //                  GPIO_AFRH_AFSEL10_2;
  53:src/main.c    **** 
  54:src/main.c    ****     // configuration for USART1
  55:src/main.c    ****     USART1->BRR = (uint16_t)(16000000 / 115200);
 175              		.loc 1 55 5 is_stmt 1 view .LVU44
 176              		.loc 1 55 17 is_stmt 0 view .LVU45
 177 002c 0D4A     		ldr	r2, .L13+8
 178 002e 8A21     		movs	r1, #138
 179 0030 9160     		str	r1, [r2, #8]
  56:src/main.c    ****     USART1->CR1 |= USART_CR1_UE_Msk;
 180              		.loc 1 56 5 is_stmt 1 view .LVU46
 181              		.loc 1 56 17 is_stmt 0 view .LVU47
 182 0032 D168     		ldr	r1, [r2, #12]
 183 0034 41F40051 		orr	r1, r1, #8192
 184 0038 D160     		str	r1, [r2, #12]
  57:src/main.c    **** 
  58:src/main.c    ****     // A1 output open drain, pull up, high
  59:src/main.c    ****     GPIOA->MODER |= GPIO_MODER_MODE1_0;
 185              		.loc 1 59 5 is_stmt 1 view .LVU48
 186              		.loc 1 59 18 is_stmt 0 view .LVU49
 187 003a 1A68     		ldr	r2, [r3]
 188 003c 42F00402 		orr	r2, r2, #4
 189 0040 1A60     		str	r2, [r3]
  60:src/main.c    ****     GPIOA->OTYPER |= GPIO_OTYPER_OT1_Msk;
 190              		.loc 1 60 5 is_stmt 1 view .LVU50
 191              		.loc 1 60 19 is_stmt 0 view .LVU51
 192 0042 5A68     		ldr	r2, [r3, #4]
 193 0044 42F00202 		orr	r2, r2, #2
 194 0048 5A60     		str	r2, [r3, #4]
  61:src/main.c    ****     GPIOA->PUPDR |= GPIO_PUPDR_PUPD1_0;
 195              		.loc 1 61 5 is_stmt 1 view .LVU52
 196              		.loc 1 61 18 is_stmt 0 view .LVU53
 197 004a DA68     		ldr	r2, [r3, #12]
 198 004c 42F00402 		orr	r2, r2, #4
 199 0050 DA60     		str	r2, [r3, #12]
  62:src/main.c    ****     GPIOA->ODR |= GPIO_ODR_OD1_Msk;
 200              		.loc 1 62 5 is_stmt 1 view .LVU54
 201              		.loc 1 62 16 is_stmt 0 view .LVU55
 202 0052 5A69     		ldr	r2, [r3, #20]
 203 0054 42F00202 		orr	r2, r2, #2
 204 0058 5A61     		str	r2, [r3, #20]
  63:src/main.c    **** }
 205              		.loc 1 63 1 view .LVU56
 206 005a 7047     		bx	lr
 207              	.L14:
 208              		.align	2
 209              	.L13:
 210 005c 00380240 		.word	1073887232
 211 0060 00000240 		.word	1073872896
 212 0064 00100140 		.word	1073811456
 213              		.cfi_endproc
 214              	.LFE139:
 216              		.section	.text.DSInit,"ax",%progbits
 217              		.align	1
 218              		.global	DSInit
 219              		.syntax unified
 220              		.thumb
ARM GAS  C:\Users\nekita\AppData\Local\Temp\cc8dV59w.s 			page 6


 221              		.thumb_func
 223              	DSInit:
 224              	.LFB140:
  64:src/main.c    **** 
  65:src/main.c    **** uint8_t DSInit()
  66:src/main.c    **** {
 225              		.loc 1 66 1 is_stmt 1 view -0
 226              		.cfi_startproc
 227              		@ args = 0, pretend = 0, frame = 0
 228              		@ frame_needed = 0, uses_anonymous_args = 0
 229 0000 10B5     		push	{r4, lr}
 230              	.LCFI1:
 231              		.cfi_def_cfa_offset 8
 232              		.cfi_offset 4, -8
 233              		.cfi_offset 14, -4
  67:src/main.c    ****     OW_LOW();
 234              		.loc 1 67 5 view .LVU58
 235 0002 114C     		ldr	r4, .L22
 236 0004 6369     		ldr	r3, [r4, #20]
 237 0006 23F00203 		bic	r3, r3, #2
 238 000a 6361     		str	r3, [r4, #20]
  68:src/main.c    ****     wait(550);
 239              		.loc 1 68 5 view .LVU59
 240 000c 40F22620 		movw	r0, #550
 241 0010 FFF7FEFF 		bl	wait
 242              	.LVL6:
  69:src/main.c    ****     OW_HIGH();
 243              		.loc 1 69 5 view .LVU60
 244 0014 6369     		ldr	r3, [r4, #20]
 245 0016 43F00203 		orr	r3, r3, #2
 246 001a 6361     		str	r3, [r4, #20]
  70:src/main.c    ****     wait(15);
 247              		.loc 1 70 5 view .LVU61
 248 001c 0F20     		movs	r0, #15
 249 001e FFF7FEFF 		bl	wait
 250              	.LVL7:
  71:src/main.c    ****     for (int i = 0; i < 500; i += 10)
 251              		.loc 1 71 5 view .LVU62
 252              	.LBB3:
 253              		.loc 1 71 10 view .LVU63
 254              		.loc 1 71 14 is_stmt 0 view .LVU64
 255 0022 0024     		movs	r4, #0
 256              	.LVL8:
 257              	.L16:
 258              		.loc 1 71 21 is_stmt 1 discriminator 1 view .LVU65
 259              		.loc 1 71 5 is_stmt 0 discriminator 1 view .LVU66
 260 0024 B4F5FA7F 		cmp	r4, #500
 261 0028 09DA     		bge	.L21
  72:src/main.c    ****     {
  73:src/main.c    ****         wait(10);
 262              		.loc 1 73 9 is_stmt 1 view .LVU67
 263 002a 0A20     		movs	r0, #10
 264 002c FFF7FEFF 		bl	wait
 265              	.LVL9:
  74:src/main.c    ****         if (OW_CHECK() == 0)
 266              		.loc 1 74 9 view .LVU68
 267              		.loc 1 74 13 is_stmt 0 view .LVU69
ARM GAS  C:\Users\nekita\AppData\Local\Temp\cc8dV59w.s 			page 7


 268 0030 054B     		ldr	r3, .L22
 269 0032 1B69     		ldr	r3, [r3, #16]
 270              		.loc 1 74 12 view .LVU70
 271 0034 13F0020F 		tst	r3, #2
 272 0038 03D0     		beq	.L19
  71:src/main.c    ****     for (int i = 0; i < 500; i += 10)
 273              		.loc 1 71 30 is_stmt 1 discriminator 2 view .LVU71
  71:src/main.c    ****     for (int i = 0; i < 500; i += 10)
 274              		.loc 1 71 32 is_stmt 0 discriminator 2 view .LVU72
 275 003a 0A34     		adds	r4, r4, #10
 276              	.LVL10:
  71:src/main.c    ****     for (int i = 0; i < 500; i += 10)
 277              		.loc 1 71 32 discriminator 2 view .LVU73
 278 003c F2E7     		b	.L16
 279              	.L21:
  71:src/main.c    ****     for (int i = 0; i < 500; i += 10)
 280              		.loc 1 71 32 discriminator 2 view .LVU74
 281              	.LBE3:
  75:src/main.c    ****         {
  76:src/main.c    ****             return 1;
  77:src/main.c    ****         }
  78:src/main.c    ****     }
  79:src/main.c    ****     return 0;
 282              		.loc 1 79 12 view .LVU75
 283 003e 0020     		movs	r0, #0
 284              	.LBB4:
 285 0040 00E0     		b	.L17
 286              	.L19:
  76:src/main.c    ****         }
 287              		.loc 1 76 20 view .LVU76
 288 0042 0120     		movs	r0, #1
 289              	.L17:
 290              	.LBE4:
  80:src/main.c    **** }
 291              		.loc 1 80 1 view .LVU77
 292 0044 10BD     		pop	{r4, pc}
 293              	.LVL11:
 294              	.L23:
 295              		.loc 1 80 1 view .LVU78
 296 0046 00BF     		.align	2
 297              	.L22:
 298 0048 00000240 		.word	1073872896
 299              		.cfi_endproc
 300              	.LFE140:
 302              		.section	.text.OW_WriteByte,"ax",%progbits
 303              		.align	1
 304              		.global	OW_WriteByte
 305              		.syntax unified
 306              		.thumb
 307              		.thumb_func
 309              	OW_WriteByte:
 310              	.LVL12:
 311              	.LFB143:
  81:src/main.c    **** 
  82:src/main.c    **** inline void OW_WriteBit(uint8_t bit)
  83:src/main.c    **** {
  84:src/main.c    ****     if (bit == 0)
ARM GAS  C:\Users\nekita\AppData\Local\Temp\cc8dV59w.s 			page 8


  85:src/main.c    ****     {
  86:src/main.c    ****         OW_LOW();
  87:src/main.c    ****         wait(100);
  88:src/main.c    ****         OW_HIGH();
  89:src/main.c    ****         wait(8);
  90:src/main.c    ****     }
  91:src/main.c    ****     else
  92:src/main.c    ****     {
  93:src/main.c    ****         OW_LOW();
  94:src/main.c    ****         wait(8);
  95:src/main.c    ****         OW_HIGH();
  96:src/main.c    ****         wait(100);
  97:src/main.c    ****     }
  98:src/main.c    **** }
  99:src/main.c    **** 
 100:src/main.c    **** inline uint8_t OW_ReadBit()
 101:src/main.c    **** {
 102:src/main.c    ****     OW_LOW();
 103:src/main.c    ****     wait(8);
 104:src/main.c    ****     OW_HIGH();
 105:src/main.c    ****     wait(30);
 106:src/main.c    ****     uint8_t bit = OW_CHECK();
 107:src/main.c    ****     wait(70);
 108:src/main.c    ****     return bit;
 109:src/main.c    **** }
 110:src/main.c    **** 
 111:src/main.c    **** void OW_WriteByte(uint8_t byte)
 112:src/main.c    **** {
 312              		.loc 1 112 1 is_stmt 1 view -0
 313              		.cfi_startproc
 314              		@ args = 0, pretend = 0, frame = 0
 315              		@ frame_needed = 0, uses_anonymous_args = 0
 316              		.loc 1 112 1 is_stmt 0 view .LVU80
 317 0000 70B5     		push	{r4, r5, r6, lr}
 318              	.LCFI2:
 319              		.cfi_def_cfa_offset 16
 320              		.cfi_offset 4, -16
 321              		.cfi_offset 5, -12
 322              		.cfi_offset 6, -8
 323              		.cfi_offset 14, -4
 324 0002 0646     		mov	r6, r0
 113:src/main.c    ****     for (int i = 0; i < 8; i++)
 325              		.loc 1 113 5 is_stmt 1 view .LVU81
 326              	.LBB8:
 327              		.loc 1 113 10 view .LVU82
 328              	.LVL13:
 329              		.loc 1 113 14 is_stmt 0 view .LVU83
 330 0004 0024     		movs	r4, #0
 331              		.loc 1 113 5 view .LVU84
 332 0006 0FE0     		b	.L25
 333              	.LVL14:
 334              	.L26:
 335              	.LBB9:
 336              	.LBB10:
  93:src/main.c    ****         wait(8);
 337              		.loc 1 93 9 is_stmt 1 view .LVU85
 338 0008 134D     		ldr	r5, .L31
ARM GAS  C:\Users\nekita\AppData\Local\Temp\cc8dV59w.s 			page 9


 339 000a 6B69     		ldr	r3, [r5, #20]
 340              	.LVL15:
  93:src/main.c    ****         wait(8);
 341              		.loc 1 93 9 is_stmt 0 view .LVU86
 342 000c 23F00203 		bic	r3, r3, #2
 343 0010 6B61     		str	r3, [r5, #20]
  94:src/main.c    ****         OW_HIGH();
 344              		.loc 1 94 9 is_stmt 1 view .LVU87
 345 0012 0820     		movs	r0, #8
 346 0014 FFF7FEFF 		bl	wait
 347              	.LVL16:
  95:src/main.c    ****         wait(100);
 348              		.loc 1 95 9 view .LVU88
 349 0018 6B69     		ldr	r3, [r5, #20]
 350 001a 43F00203 		orr	r3, r3, #2
 351 001e 6B61     		str	r3, [r5, #20]
  96:src/main.c    ****     }
 352              		.loc 1 96 9 view .LVU89
 353 0020 6420     		movs	r0, #100
 354 0022 FFF7FEFF 		bl	wait
 355              	.LVL17:
 356              	.L27:
  96:src/main.c    ****     }
 357              		.loc 1 96 9 is_stmt 0 view .LVU90
 358              	.LBE10:
 359              	.LBE9:
 360              		.loc 1 113 28 is_stmt 1 view .LVU91
 361              		.loc 1 113 29 is_stmt 0 view .LVU92
 362 0026 0134     		adds	r4, r4, #1
 363              	.LVL18:
 364              	.L25:
 365              		.loc 1 113 21 is_stmt 1 discriminator 1 view .LVU93
 366              		.loc 1 113 5 is_stmt 0 discriminator 1 view .LVU94
 367 0028 072C     		cmp	r4, #7
 368 002a 14DC     		bgt	.L30
 114:src/main.c    ****     {
 115:src/main.c    ****         OW_WriteBit((byte << i) & 0x1);
 369              		.loc 1 115 9 is_stmt 1 discriminator 3 view .LVU95
 370              		.loc 1 115 27 is_stmt 0 discriminator 3 view .LVU96
 371 002c 06FA04F3 		lsl	r3, r6, r4
 372              	.LVL19:
 373              	.LBB12:
 374              	.LBI9:
  82:src/main.c    **** {
 375              		.loc 1 82 13 is_stmt 1 discriminator 3 view .LVU97
 376              	.LBB11:
  84:src/main.c    ****     {
 377              		.loc 1 84 5 discriminator 3 view .LVU98
  84:src/main.c    ****     {
 378              		.loc 1 84 8 is_stmt 0 discriminator 3 view .LVU99
 379 0030 13F0010F 		tst	r3, #1
 380 0034 E8D1     		bne	.L26
  86:src/main.c    ****         wait(100);
 381              		.loc 1 86 9 is_stmt 1 view .LVU100
 382 0036 084D     		ldr	r5, .L31
 383 0038 6B69     		ldr	r3, [r5, #20]
 384              	.LVL20:
ARM GAS  C:\Users\nekita\AppData\Local\Temp\cc8dV59w.s 			page 10


  86:src/main.c    ****         wait(100);
 385              		.loc 1 86 9 is_stmt 0 view .LVU101
 386 003a 23F00203 		bic	r3, r3, #2
 387 003e 6B61     		str	r3, [r5, #20]
  87:src/main.c    ****         OW_HIGH();
 388              		.loc 1 87 9 is_stmt 1 view .LVU102
 389 0040 6420     		movs	r0, #100
 390 0042 FFF7FEFF 		bl	wait
 391              	.LVL21:
  88:src/main.c    ****         wait(8);
 392              		.loc 1 88 9 view .LVU103
 393 0046 6B69     		ldr	r3, [r5, #20]
 394 0048 43F00203 		orr	r3, r3, #2
 395 004c 6B61     		str	r3, [r5, #20]
  89:src/main.c    ****     }
 396              		.loc 1 89 9 view .LVU104
 397 004e 0820     		movs	r0, #8
 398 0050 FFF7FEFF 		bl	wait
 399              	.LVL22:
 400 0054 E7E7     		b	.L27
 401              	.LVL23:
 402              	.L30:
  89:src/main.c    ****     }
 403              		.loc 1 89 9 is_stmt 0 view .LVU105
 404              	.LBE11:
 405              	.LBE12:
 406              	.LBE8:
 116:src/main.c    ****     }
 117:src/main.c    **** }
 407              		.loc 1 117 1 view .LVU106
 408 0056 70BD     		pop	{r4, r5, r6, pc}
 409              	.LVL24:
 410              	.L32:
 411              		.loc 1 117 1 view .LVU107
 412              		.align	2
 413              	.L31:
 414 0058 00000240 		.word	1073872896
 415              		.cfi_endproc
 416              	.LFE143:
 418              		.section	.text.OW_ReadByte,"ax",%progbits
 419              		.align	1
 420              		.global	OW_ReadByte
 421              		.syntax unified
 422              		.thumb
 423              		.thumb_func
 425              	OW_ReadByte:
 426              	.LFB144:
 118:src/main.c    **** 
 119:src/main.c    **** uint8_t OW_ReadByte()
 120:src/main.c    **** {
 427              		.loc 1 120 1 is_stmt 1 view -0
 428              		.cfi_startproc
 429              		@ args = 0, pretend = 0, frame = 0
 430              		@ frame_needed = 0, uses_anonymous_args = 0
 431 0000 F8B5     		push	{r3, r4, r5, r6, r7, lr}
 432              	.LCFI3:
 433              		.cfi_def_cfa_offset 24
ARM GAS  C:\Users\nekita\AppData\Local\Temp\cc8dV59w.s 			page 11


 434              		.cfi_offset 3, -24
 435              		.cfi_offset 4, -20
 436              		.cfi_offset 5, -16
 437              		.cfi_offset 6, -12
 438              		.cfi_offset 7, -8
 439              		.cfi_offset 14, -4
 121:src/main.c    ****     uint8_t byte = 0;
 440              		.loc 1 121 5 view .LVU109
 441              	.LVL25:
 122:src/main.c    ****     for (int i = 0; i < 8; i++)
 442              		.loc 1 122 5 view .LVU110
 443              	.LBB16:
 444              		.loc 1 122 10 view .LVU111
 445              		.loc 1 122 14 is_stmt 0 view .LVU112
 446 0002 0026     		movs	r6, #0
 447              	.LBE16:
 121:src/main.c    ****     uint8_t byte = 0;
 448              		.loc 1 121 13 view .LVU113
 449 0004 3746     		mov	r7, r6
 450              	.LBB19:
 451              		.loc 1 122 5 view .LVU114
 452 0006 18E0     		b	.L34
 453              	.LVL26:
 454              	.L35:
 123:src/main.c    ****     {
 124:src/main.c    ****         byte |= OW_ReadBit() << i;
 455              		.loc 1 124 9 is_stmt 1 view .LVU115
 456              	.LBB17:
 457              	.LBI17:
 100:src/main.c    **** {
 458              		.loc 1 100 16 view .LVU116
 459              	.LBB18:
 102:src/main.c    ****     wait(8);
 460              		.loc 1 102 5 view .LVU117
 461 0008 0E4D     		ldr	r5, .L37
 462 000a 6B69     		ldr	r3, [r5, #20]
 463 000c 23F00203 		bic	r3, r3, #2
 464 0010 6B61     		str	r3, [r5, #20]
 103:src/main.c    ****     OW_HIGH();
 465              		.loc 1 103 5 view .LVU118
 466 0012 0820     		movs	r0, #8
 467 0014 FFF7FEFF 		bl	wait
 468              	.LVL27:
 104:src/main.c    ****     wait(30);
 469              		.loc 1 104 5 view .LVU119
 470 0018 6B69     		ldr	r3, [r5, #20]
 471 001a 43F00203 		orr	r3, r3, #2
 472 001e 6B61     		str	r3, [r5, #20]
 105:src/main.c    ****     uint8_t bit = OW_CHECK();
 473              		.loc 1 105 5 view .LVU120
 474 0020 1E20     		movs	r0, #30
 475 0022 FFF7FEFF 		bl	wait
 476              	.LVL28:
 106:src/main.c    ****     wait(70);
 477              		.loc 1 106 5 view .LVU121
 106:src/main.c    ****     wait(70);
 478              		.loc 1 106 19 is_stmt 0 view .LVU122
ARM GAS  C:\Users\nekita\AppData\Local\Temp\cc8dV59w.s 			page 12


 479 0026 2C69     		ldr	r4, [r5, #16]
 480 0028 C4F34004 		ubfx	r4, r4, #1, #1
 481              	.LVL29:
 107:src/main.c    ****     return bit;
 482              		.loc 1 107 5 is_stmt 1 view .LVU123
 483 002c 4620     		movs	r0, #70
 484 002e FFF7FEFF 		bl	wait
 485              	.LVL30:
 108:src/main.c    **** }
 486              		.loc 1 108 5 view .LVU124
 108:src/main.c    **** }
 487              		.loc 1 108 5 is_stmt 0 view .LVU125
 488              	.LBE18:
 489              	.LBE17:
 490              		.loc 1 124 30 view .LVU126
 491 0032 B440     		lsls	r4, r4, r6
 492              		.loc 1 124 14 view .LVU127
 493 0034 3C43     		orrs	r4, r4, r7
 494 0036 E7B2     		uxtb	r7, r4
 495              	.LVL31:
 122:src/main.c    ****     {
 496              		.loc 1 122 28 is_stmt 1 view .LVU128
 122:src/main.c    ****     {
 497              		.loc 1 122 29 is_stmt 0 view .LVU129
 498 0038 0136     		adds	r6, r6, #1
 499              	.LVL32:
 500              	.L34:
 122:src/main.c    ****     {
 501              		.loc 1 122 21 is_stmt 1 discriminator 1 view .LVU130
 122:src/main.c    ****     {
 502              		.loc 1 122 5 is_stmt 0 discriminator 1 view .LVU131
 503 003a 072E     		cmp	r6, #7
 504 003c E4DD     		ble	.L35
 505              	.LBE19:
 125:src/main.c    ****     }
 126:src/main.c    ****     return byte;
 506              		.loc 1 126 5 is_stmt 1 view .LVU132
 127:src/main.c    **** }
 507              		.loc 1 127 1 is_stmt 0 view .LVU133
 508 003e 3846     		mov	r0, r7
 509 0040 F8BD     		pop	{r3, r4, r5, r6, r7, pc}
 510              	.LVL33:
 511              	.L38:
 512              		.loc 1 127 1 view .LVU134
 513 0042 00BF     		.align	2
 514              	.L37:
 515 0044 00000240 		.word	1073872896
 516              		.cfi_endproc
 517              	.LFE144:
 519              		.section	.rodata.main.str1.4,"aMS",%progbits,1
 520              		.align	2
 521              	.LC0:
 522 0000 7061643A 		.ascii	"pad: %X %X %X %X %X %X %X %X %X\012\000"
 522      20255820 
 522      25582025 
 522      58202558 
 522      20255820 
ARM GAS  C:\Users\nekita\AppData\Local\Temp\cc8dV59w.s 			page 13


 523              		.section	.text.main,"ax",%progbits
 524              		.align	1
 525              		.global	main
 526              		.syntax unified
 527              		.thumb
 528              		.thumb_func
 530              	main:
 531              	.LFB145:
 128:src/main.c    **** 
 129:src/main.c    **** int main()
 130:src/main.c    **** {
 532              		.loc 1 130 1 is_stmt 1 view -0
 533              		.cfi_startproc
 534              		@ args = 0, pretend = 0, frame = 272
 535              		@ frame_needed = 0, uses_anonymous_args = 0
 536 0000 F0B5     		push	{r4, r5, r6, r7, lr}
 537              	.LCFI4:
 538              		.cfi_def_cfa_offset 20
 539              		.cfi_offset 4, -20
 540              		.cfi_offset 5, -16
 541              		.cfi_offset 6, -12
 542              		.cfi_offset 7, -8
 543              		.cfi_offset 14, -4
 544 0002 CDB0     		sub	sp, sp, #308
 545              	.LCFI5:
 546              		.cfi_def_cfa_offset 328
 131:src/main.c    ****     config();
 547              		.loc 1 131 5 view .LVU136
 548 0004 FFF7FEFF 		bl	config
 549              	.LVL34:
 132:src/main.c    **** 
 133:src/main.c    ****     OW_HIGH();
 550              		.loc 1 133 5 view .LVU137
 551 0008 214A     		ldr	r2, .L44
 552 000a 5369     		ldr	r3, [r2, #20]
 553 000c 43F00203 		orr	r3, r3, #2
 554 0010 5361     		str	r3, [r2, #20]
 134:src/main.c    ****     wait(100 * 1000);
 555              		.loc 1 134 5 view .LVU138
 556 0012 2048     		ldr	r0, .L44+4
 557 0014 FFF7FEFF 		bl	wait
 558              	.LVL35:
 559 0018 32E0     		b	.L42
 560              	.LVL36:
 561              	.L41:
 562              	.LBB20:
 563              	.LBB21:
 135:src/main.c    ****     while (1)
 136:src/main.c    ****     {
 137:src/main.c    ****         uint8_t is_there = DSInit();
 138:src/main.c    ****         OW_WriteByte(0x33);
 139:src/main.c    ****         // OW_WriteByte(0xBE);
 140:src/main.c    ****         // wait(30);
 141:src/main.c    ****         uint8_t bytes[9];
 142:src/main.c    ****         for (int i = 0; i < 9; i++)
 143:src/main.c    ****         {
 144:src/main.c    ****             bytes[i] = OW_ReadByte();
ARM GAS  C:\Users\nekita\AppData\Local\Temp\cc8dV59w.s 			page 14


 564              		.loc 1 144 13 discriminator 3 view .LVU139
 565              		.loc 1 144 24 is_stmt 0 discriminator 3 view .LVU140
 566 001a FFF7FEFF 		bl	OW_ReadByte
 567              	.LVL37:
 568              		.loc 1 144 22 discriminator 3 view .LVU141
 569 001e 09AB     		add	r3, sp, #36
 570 0020 1855     		strb	r0, [r3, r4]
 142:src/main.c    ****         {
 571              		.loc 1 142 32 is_stmt 1 discriminator 3 view .LVU142
 142:src/main.c    ****         {
 572              		.loc 1 142 33 is_stmt 0 discriminator 3 view .LVU143
 573 0022 0134     		adds	r4, r4, #1
 574              	.LVL38:
 575              	.L40:
 142:src/main.c    ****         {
 576              		.loc 1 142 25 is_stmt 1 discriminator 1 view .LVU144
 142:src/main.c    ****         {
 577              		.loc 1 142 9 is_stmt 0 discriminator 1 view .LVU145
 578 0024 082C     		cmp	r4, #8
 579 0026 F8DD     		ble	.L41
 580              	.LBE21:
 145:src/main.c    ****         }
 146:src/main.c    **** 
 147:src/main.c    ****         char data[256];
 581              		.loc 1 147 9 is_stmt 1 view .LVU146
 148:src/main.c    ****         uint32_t size = sprintf(data, "pad: %X %X %X %X %X %X %X %X %X\n",
 582              		.loc 1 148 9 view .LVU147
 149:src/main.c    ****                                 bytes[0],
 150:src/main.c    ****                                 bytes[1],
 151:src/main.c    ****                                 bytes[2],
 583              		.loc 1 151 38 is_stmt 0 view .LVU148
 584 0028 9DF82630 		ldrb	r3, [sp, #38]	@ zero_extendqisi2
 152:src/main.c    ****                                 bytes[3],
 585              		.loc 1 152 38 view .LVU149
 586 002c 9DF82720 		ldrb	r2, [sp, #39]	@ zero_extendqisi2
 153:src/main.c    ****                                 bytes[4],
 587              		.loc 1 153 38 view .LVU150
 588 0030 9DF82810 		ldrb	r1, [sp, #40]	@ zero_extendqisi2
 154:src/main.c    ****                                 bytes[5],
 589              		.loc 1 154 38 view .LVU151
 590 0034 9DF82900 		ldrb	r0, [sp, #41]	@ zero_extendqisi2
 155:src/main.c    ****                                 bytes[6],
 591              		.loc 1 155 38 view .LVU152
 592 0038 9DF82A40 		ldrb	r4, [sp, #42]	@ zero_extendqisi2
 593              	.LVL39:
 156:src/main.c    ****                                 bytes[7],
 594              		.loc 1 156 38 view .LVU153
 595 003c 9DF82B50 		ldrb	r5, [sp, #43]	@ zero_extendqisi2
 157:src/main.c    ****                                 bytes[8],
 596              		.loc 1 157 38 view .LVU154
 597 0040 9DF82C60 		ldrb	r6, [sp, #44]	@ zero_extendqisi2
 158:src/main.c    ****                                 bytes[9]);
 598              		.loc 1 158 38 view .LVU155
 599 0044 9DF82D70 		ldrb	r7, [sp, #45]	@ zero_extendqisi2
 148:src/main.c    ****                                 bytes[0],
 600              		.loc 1 148 25 view .LVU156
 601 0048 0797     		str	r7, [sp, #28]
ARM GAS  C:\Users\nekita\AppData\Local\Temp\cc8dV59w.s 			page 15


 602 004a 0696     		str	r6, [sp, #24]
 603 004c 0595     		str	r5, [sp, #20]
 604 004e 0494     		str	r4, [sp, #16]
 605 0050 0390     		str	r0, [sp, #12]
 606 0052 0291     		str	r1, [sp, #8]
 607 0054 0192     		str	r2, [sp, #4]
 608 0056 0093     		str	r3, [sp]
 609 0058 9DF82530 		ldrb	r3, [sp, #37]	@ zero_extendqisi2
 610 005c 9DF82420 		ldrb	r2, [sp, #36]	@ zero_extendqisi2
 611 0060 0D49     		ldr	r1, .L44+8
 612 0062 0CA8     		add	r0, sp, #48
 613 0064 FFF7FEFF 		bl	sprintf
 614              	.LVL40:
 615 0068 0146     		mov	r1, r0
 616              	.LVL41:
 159:src/main.c    ****         transmit(data, size);
 617              		.loc 1 159 9 is_stmt 1 view .LVU157
 618 006a 0CA8     		add	r0, sp, #48
 619              	.LVL42:
 620              		.loc 1 159 9 is_stmt 0 view .LVU158
 621 006c FFF7FEFF 		bl	transmit
 622              	.LVL43:
 160:src/main.c    **** 
 161:src/main.c    ****         wait(1000 * 1000);
 623              		.loc 1 161 9 is_stmt 1 view .LVU159
 624 0070 0A48     		ldr	r0, .L44+12
 625 0072 FFF7FEFF 		bl	wait
 626              	.LVL44:
 162:src/main.c    ****         GPIOA->ODR ^= GPIO_ODR_ODR_6;
 627              		.loc 1 162 9 view .LVU160
 628              		.loc 1 162 20 is_stmt 0 view .LVU161
 629 0076 064A     		ldr	r2, .L44
 630 0078 5369     		ldr	r3, [r2, #20]
 631 007a 83F04003 		eor	r3, r3, #64
 632 007e 5361     		str	r3, [r2, #20]
 633              	.LBE20:
 135:src/main.c    ****     {
 634              		.loc 1 135 11 is_stmt 1 view .LVU162
 635              	.L42:
 135:src/main.c    ****     {
 636              		.loc 1 135 5 view .LVU163
 637              	.LBB23:
 137:src/main.c    ****         OW_WriteByte(0x33);
 638              		.loc 1 137 9 view .LVU164
 137:src/main.c    ****         OW_WriteByte(0x33);
 639              		.loc 1 137 28 is_stmt 0 view .LVU165
 640 0080 FFF7FEFF 		bl	DSInit
 641              	.LVL45:
 138:src/main.c    ****         // OW_WriteByte(0xBE);
 642              		.loc 1 138 9 is_stmt 1 view .LVU166
 643 0084 3320     		movs	r0, #51
 644 0086 FFF7FEFF 		bl	OW_WriteByte
 645              	.LVL46:
 141:src/main.c    ****         for (int i = 0; i < 9; i++)
 646              		.loc 1 141 9 view .LVU167
 142:src/main.c    ****         {
 647              		.loc 1 142 9 view .LVU168
ARM GAS  C:\Users\nekita\AppData\Local\Temp\cc8dV59w.s 			page 16


 648              	.LBB22:
 142:src/main.c    ****         {
 649              		.loc 1 142 14 view .LVU169
 142:src/main.c    ****         {
 650              		.loc 1 142 18 is_stmt 0 view .LVU170
 651 008a 0024     		movs	r4, #0
 142:src/main.c    ****         {
 652              		.loc 1 142 9 view .LVU171
 653 008c CAE7     		b	.L40
 654              	.L45:
 655 008e 00BF     		.align	2
 656              	.L44:
 657 0090 00000240 		.word	1073872896
 658 0094 A0860100 		.word	100000
 659 0098 00000000 		.word	.LC0
 660 009c 40420F00 		.word	1000000
 661              	.LBE22:
 662              	.LBE23:
 663              		.cfi_endproc
 664              	.LFE145:
 666              		.text
 667              	.Letext0:
 668              		.file 2 "c:\\program files (x86)\\gnu arm embedded toolchain\\10 2021.10\\arm-none-eabi\\include\\
 669              		.file 3 "c:\\program files (x86)\\gnu arm embedded toolchain\\10 2021.10\\arm-none-eabi\\include\\
 670              		.file 4 "D:\\Keil\\Packs\\ARM\\CMSIS\\5.8.0\\CMSIS\\Core\\Include/core_cm4.h"
 671              		.file 5 "D:\\Keil\\Packs\\Keil\\STM32F4xx_DFP\\2.16.0\\Drivers\\CMSIS\\Device\\ST\\STM32F4xx\\Incl
 672              		.file 6 "c:\\program files (x86)\\gnu arm embedded toolchain\\10 2021.10\\arm-none-eabi\\include\\
ARM GAS  C:\Users\nekita\AppData\Local\Temp\cc8dV59w.s 			page 17


DEFINED SYMBOLS
                            *ABS*:00000000 main.c
C:\Users\nekita\AppData\Local\Temp\cc8dV59w.s:20     .text.wait:00000000 $t
C:\Users\nekita\AppData\Local\Temp\cc8dV59w.s:26     .text.wait:00000000 wait
C:\Users\nekita\AppData\Local\Temp\cc8dV59w.s:64     .text.transmit:00000000 $t
C:\Users\nekita\AppData\Local\Temp\cc8dV59w.s:70     .text.transmit:00000000 transmit
C:\Users\nekita\AppData\Local\Temp\cc8dV59w.s:130    .text.transmit:00000030 $d
C:\Users\nekita\AppData\Local\Temp\cc8dV59w.s:135    .text.config:00000000 $t
C:\Users\nekita\AppData\Local\Temp\cc8dV59w.s:141    .text.config:00000000 config
C:\Users\nekita\AppData\Local\Temp\cc8dV59w.s:210    .text.config:0000005c $d
C:\Users\nekita\AppData\Local\Temp\cc8dV59w.s:217    .text.DSInit:00000000 $t
C:\Users\nekita\AppData\Local\Temp\cc8dV59w.s:223    .text.DSInit:00000000 DSInit
C:\Users\nekita\AppData\Local\Temp\cc8dV59w.s:298    .text.DSInit:00000048 $d
C:\Users\nekita\AppData\Local\Temp\cc8dV59w.s:303    .text.OW_WriteByte:00000000 $t
C:\Users\nekita\AppData\Local\Temp\cc8dV59w.s:309    .text.OW_WriteByte:00000000 OW_WriteByte
C:\Users\nekita\AppData\Local\Temp\cc8dV59w.s:414    .text.OW_WriteByte:00000058 $d
C:\Users\nekita\AppData\Local\Temp\cc8dV59w.s:419    .text.OW_ReadByte:00000000 $t
C:\Users\nekita\AppData\Local\Temp\cc8dV59w.s:425    .text.OW_ReadByte:00000000 OW_ReadByte
C:\Users\nekita\AppData\Local\Temp\cc8dV59w.s:515    .text.OW_ReadByte:00000044 $d
C:\Users\nekita\AppData\Local\Temp\cc8dV59w.s:520    .rodata.main.str1.4:00000000 $d
C:\Users\nekita\AppData\Local\Temp\cc8dV59w.s:524    .text.main:00000000 $t
C:\Users\nekita\AppData\Local\Temp\cc8dV59w.s:530    .text.main:00000000 main
C:\Users\nekita\AppData\Local\Temp\cc8dV59w.s:657    .text.main:00000090 $d

UNDEFINED SYMBOLS
sprintf
